// Jest Snapshot v1, https://goo.gl/fbAQLP

exports[`Button display correctly 1`] = `
.c0 {
  color: #27784E;
  display: block;
  border-radius: 10px;
  border: 1px solid #4CE897;
  padding: 6px 12px;
  background-color: transparent;
}

.c0:hover {
  background-color: #DEFFEE;
}

<button
  className="c0"
  color="primary.dark"
  label="Secondary Button with primary text color"
>
  Secondary Button with primary text color
</button>
`;
